PlanetSimulation v0.0.1 initialized
Scenario: Solar System
Simulation time: 0.0 s
Sun radius: 2.5
Planets: 2
Surface camera position: (9.29522, 0.708521, -1.28114e-19)
Offline quality: 20x foliage radius, full-resolution atmosphere, high-detail bodies
Surface render test mode enabled
Output image: /workspace/build-resume/offline-captures/flare.png
Planet 0 terrain: 99732 triangles; far/middle/near faces: 277/26/17; steep-refined faces: 0 (budget 100000); foliage blades: 409600; water triangles: 0
Planet 0 terrain LOD faces (coarse to fine): 277/1/0/0/4/11/10/17; mesh bytes: 11967840
Planet 0 foliage candidate bounds per pass: 1648640 vertices; 829440 triangles; 18 batches; instance bytes: 366744
Planet 0 GPU grass draws: 458 detailed; 30286 quads; 127556 vertices; 66068 triangles; GPU working bytes: 52428832
Planet 1 terrain: 86400 triangles; far/middle/near faces: 320/0/0; steep-refined faces: 0 (budget 100000); foliage blades: 0; water triangles: 0
Planet 1 terrain LOD faces (coarse to fine): 320/0/0/0/0/0/0/0; mesh bytes: 10368000
Planet 1 foliage candidate bounds per pass: 0 vertices; 0 triangles; 0 batches; instance bytes: 0
Mesh preparation: 342.828 ms; GPU-complete render: 1517.96 ms
earth lighting: direct RGB (4.52557, 4.48032, 4.3898), reflected RGB (0, 0, 0)
moon lighting: direct RGB (9.22629, 9.13403, 8.94951), reflected RGB (0, 0, 0)
Image size: 480x270
Background pixel: (1, 1, 3)
Non-background pixels: 44475, bounding box: (0, 13)-(479, 269)
Sun-colored pixels: 6199, bounding box: (194, 44)-(285, 135)
Planet pixels (color/depth): 21019, bounding box: (0, 204)-(479, 269)
Camera exposure: 1; sky sensitivity: 1
Simulation time: 0.0 s
Surface camera position (world, km): [9.295221194662506,0.7085209947489207,-1.2811385652070686e-19]
Surface camera direction (world, unit vector): [-0.948683298050514,-0.3162277660168379,0.0]
Surface camera position (planet LLA): latitude=0.0 deg, longitude=135.0 deg, altitude=2.0 m above reference sphere
Surface camera ground clearance: 2.0 m
surface_camera start value: {"altitude":0.002,"direction_ned":[0.0,0.8944271909999161,-0.4472135954999581],"fov":80.0,"latitude_deg":0.0,"longitude_deg":135.0,"planet_index":0,"reference_frame":"planet_spherical_ned","simulation_time_seconds":0.0,"up_ned":[0.0,-0.4472135954999583,-0.8944271909999159],"walk_speed_mps":80.0}
White-clipped pixels (RGB >= 250): 6199 (4.78318%)
Render test completed successfully
Output image: /workspace/build-resume/offline-captures/flare.png
