PlanetSimulation v0.0.1 initialized
Scenario: Solar System
Simulation time: 20.0 s
Sun radius: 2.5
Planets: 2
Surface camera position: (6.79545, 6.15527, -0.429834)
Surface render test mode enabled
Output image: docs/journal/architecture/terrain-gpu/contracts/captures/shoreline.png
Planet 0 terrain: 100000 triangles; far/middle/near faces: 223/78/19; steep-refined faces: 14 (budget 100000); foliage blades: 199870; water triangles: 60000
Planet 0 terrain LOD faces (coarse to fine): 223/14/17/14/14/12/7/19; mesh bytes: 12000000
Planet 0 foliage candidate bounds per pass: 1208040 vertices; 808300 triangles; 41 batches; instance bytes: 46540
Planet 0 terrain contract: 50002 canonical samples; 2800064 input bytes; planning queries 63377/61616 requested/evaluated; bulk queries 150006/150006 requested/evaluated; field/topology 10975133402283726949/9433235253596519504; backend cpu
Planet 0 GPU grass draws: 4964 detailed; 3455 quads; 83316 vertices; 66478 triangles; GPU working bytes: 25583392
Planet 1 terrain: 960 triangles; far/middle/near faces: 320/0/0; steep-refined faces: 0 (budget 60000); foliage blades: 0; water triangles: 0
Planet 1 terrain LOD faces (coarse to fine): 320/0/0/0/0/0/0/0; mesh bytes: 115200
Planet 1 foliage candidate bounds per pass: 0 vertices; 0 triangles; 0 batches; instance bytes: 0
Planet 1 terrain contract: 482 canonical samples; 26944 input bytes; planning queries 1280/482 requested/evaluated; bulk queries 1446/1446 requested/evaluated; field/topology 13005042368953784910/8896015313400212575; backend cpu
Mesh preparation: 2628.34 ms; GPU-complete render: 6278.21 ms
earth lighting: direct RGB (4.42966, 4.38536, 4.29677), reflected RGB (7.53886e-06, 7.46347e-06, 7.69757e-06)
moon lighting: direct RGB (8.26617, 8.18351, 8.01819), reflected RGB (0.0122606, 0.02023, 0.0396426)
Image size: 960x540
Background pixel: (7, 19, 6)
Non-background pixels: 518372, bounding box: (0, 0)-(959, 539)
Sun-colored pixels: 0
Planet pixels (color/depth): 272366, bounding box: (0, 211)-(959, 539)
Camera exposure: 0.18078; sky sensitivity: 0.00282468
Star-like pixels: 220123, bounding box: (0, 0)-(959, 266)
Blue water-like pixels: 25804, bounding box: (374, 0)-(838, 84)
Simulation time: 20.0 s
Surface camera position (world, km): [6.795448055368787,6.155271802575506,-0.4298338101262937]
Surface camera direction (world, unit vector): [0.5481735099129054,-0.16150307254466822,-0.8206232756803803]
Surface camera position (planet LLA): latitude=-19.7 deg, longitude=80.5 deg, altitude=2.587561847525271 m above reference sphere
Surface camera ground clearance: 2.0 m
surface_camera start value: {"altitude":0.002,"direction_ned":[-0.796029752167992,0.5970223141259929,0.09950371902099653],"fov":80.0,"latitude_deg":-19.7,"longitude_deg":80.5,"planet_index":0,"reference_frame":"planet_spherical_ned","simulation_time_seconds":20.0,"up_ned":[-0.07960297521679793,0.05970223141259737,-0.9950371902099895],"walk_speed_mps":80.0}
White-clipped pixels (RGB >= 250): 0 (0%)
Render test completed successfully
Output image: docs/journal/architecture/terrain-gpu/contracts/captures/shoreline.png
